// Jest Snapshot v1, https://goo.gl/fbAQLP

exports[`basic 1`] = `
"'use strict';

Object.defineProperty(exports, \\"__esModule\\", {
  value: true
});

var _propTypes = require('prop-types');

var _propTypes2 = _interopRequireDefault(_propTypes);

var _types = require('./types');

function _interopRequireDefault(obj) { return obj && obj.__esModule ? obj : { default: obj }; }

function _classCallCheck(instance, Constructor) { if (!(instance instanceof Constructor)) { throw new TypeError(\\"Cannot call a class as a function\\"); } }

function _possibleConstructorReturn(self, call) { if (!self) { throw new ReferenceError(\\"this hasn't been initialised - super() hasn't been called\\"); } return call && (typeof call === \\"object\\" || typeof call === \\"function\\") ? call : self; }

function _inherits(subClass, superClass) { if (typeof superClass !== \\"function\\" && superClass !== null) { throw new TypeError(\\"Super expression must either be null or a function, not \\" + typeof superClass); } subClass.prototype = Object.create(superClass && superClass.prototype, { constructor: { value: subClass, enumerable: false, writable: true, configurable: true } }); if (superClass) Object.setPrototypeOf ? Object.setPrototypeOf(subClass, superClass) : subClass.__proto__ = superClass; }

var React = require('react');

var babelPluginFlowReactPropTypes_proptype_Qux = {
  baz: require('prop-types').oneOf(['literal']).isRequired
};
if (typeof exports !== 'undefined') Object.defineProperty(exports, 'babelPluginFlowReactPropTypes_proptype_Qux', {
  value: babelPluginFlowReactPropTypes_proptype_Qux,
  configurable: true
});

var Foo = function (_React$Component) {
  _inherits(Foo, _React$Component);

  function Foo() {
    _classCallCheck(this, Foo);

    return _possibleConstructorReturn(this, (Foo.__proto__ || Object.getPrototypeOf(Foo)).apply(this, arguments));
  }

  return Foo;
}(React.Component);

Foo.propTypes = {
  an_optional_string: require('prop-types').string,
  a_number: require('prop-types').number.isRequired,
  a_boolean: require('prop-types').bool.isRequired,
  a_generic_object: require('prop-types').object.isRequired,
  array_of_strings: require('prop-types').arrayOf(require('prop-types').string).isRequired,
  instance_of_Bar: typeof Bar === 'function' ? require('prop-types').instanceOf(Bar).isRequired : require('prop-types').any.isRequired,
  anything: function anything(props, propName, componentName) {
    if (!Object.prototype.hasOwnProperty.call(props, propName)) {
      throw new Error('Prop \`' + propName + '\` has type \\\\'any\\\\' or \\\\'mixed\\\\', but was not provided to \`' + componentName + '\`. Pass undefined or any other value.');
    }
  },
  mixed: function mixed(props, propName, componentName) {
    if (!Object.prototype.hasOwnProperty.call(props, propName)) {
      throw new Error('Prop \`' + propName + '\` has type \\\\'any\\\\' or \\\\'mixed\\\\', but was not provided to \`' + componentName + '\`. Pass undefined or any other value.');
    }
  },
  one_of: require('prop-types').oneOf(['QUACK', 'BARK', 5]).isRequired,
  one_of_type: require('prop-types').oneOfType([require('prop-types').number, require('prop-types').string]).isRequired,
  nested_object_level_1: require('prop-types').shape({
    string_property_1: require('prop-types').string.isRequired,
    nested_object_level_2: require('prop-types').shape({
      nested_object_level_3: require('prop-types').shape({
        string_property_3: require('prop-types').string.isRequired
      }).isRequired,
      string_property_2: require('prop-types').string.isRequired
    }).isRequired
  }).isRequired,
  should_error_if_provided: function should_error_if_provided(props, propName, componentName) {
    if (props[propName] != null) {
      throw new Error('Invalid prop \`' + propName + '\` of value \`' + props[propName] + '\` passed to \`' + componentName + '\`. Expected undefined or null.');
    }
  },
  intersection: require('prop-types').shape({
    foo: require('prop-types').string.isRequired,
    bar: require('prop-types').number.isRequired,
    baz: require('prop-types').oneOf(['literal']).isRequired
  }).isRequired,
  some_external_type: typeof (_types.bpfrp_babelPluginFlowReactPropTypes_proptype_SomeExternalType || _propTypes2.default.func) === 'function' ? (_types.bpfrp_babelPluginFlowReactPropTypes_proptype_SomeExternalType || _propTypes2.default.func).isRequired ? (_types.bpfrp_babelPluginFlowReactPropTypes_proptype_SomeExternalType || _propTypes2.default.func).isRequired : _types.bpfrp_babelPluginFlowReactPropTypes_proptype_SomeExternalType || _propTypes2.default.func : require('prop-types').shape(_types.bpfrp_babelPluginFlowReactPropTypes_proptype_SomeExternalType || _propTypes2.default.func).isRequired,
  some_external_type_intersection: require('prop-types').shape(Object.assign({}, {
    foo: require('prop-types').string.isRequired
  }, (_types.bpfrp_babelPluginFlowReactPropTypes_proptype_SomeExternalType || _propTypes2.default.func) === require('prop-types').any ? {} : _types.bpfrp_babelPluginFlowReactPropTypes_proptype_SomeExternalType || _propTypes2.default.func)).isRequired
};
exports.default = Foo;"
`;
