// Jest Snapshot v1, https://goo.gl/fbAQLP

exports[`parses second argument as contextTypes 1`] = `
"'use strict';

Object.defineProperty(exports, \\"__esModule\\", {
    value: true
});

var _propTypes = require('prop-types');

var _propTypes2 = _interopRequireDefault(_propTypes);

function _interopRequireDefault(obj) { return obj && obj.__esModule ? obj : { default: obj }; }

var React = require('react');

var Foo = function Foo(props, context) {
    React.createElement(
        'div',
        null,
        props.x
    );
};

Foo.contextTypes = {
    lang: _propTypes2.default.string.isRequired
};
Foo.propTypes = {
    x: _propTypes2.default.oneOf(['option1', 'option2'])
};
exports.default = Foo;"
`;
