exports[`test export-non-object-types 1`] = `"\"use strict\";"`;
