// Jest Snapshot v1, https://goo.gl/fbAQLP

exports[`export-union-type 1`] = `
"\\"use strict\\";

Object.defineProperty(exports, \\"__esModule\\", {
  value: true
});
exports.babelPluginFlowReactPropTypes_proptype_A = undefined;

var _propTypes = require(\\"prop-types\\");

var _propTypes2 = _interopRequireDefault(_propTypes);

function _interopRequireDefault(obj) { return obj && obj.__esModule ? obj : { default: obj }; }

var babelPluginFlowReactPropTypes_proptype_A = _propTypes2.default.oneOf([\\"option1\\", \\"option2\\"]);

exports.babelPluginFlowReactPropTypes_proptype_A = babelPluginFlowReactPropTypes_proptype_A;"
`;
