// Jest Snapshot v1, https://goo.gl/fbAQLP

exports[`export-type-and-component 1`] = `
"'use strict';

Object.defineProperty(exports, \\"__esModule\\", {
  value: true
});

var _react = require('react');

var _react2 = _interopRequireDefault(_react);

var _propTypes = require('prop-types');

var _propTypes2 = _interopRequireDefault(_propTypes);

function _interopRequireDefault(obj) { return obj && obj.__esModule ? obj : { default: obj }; }

var babelPluginFlowReactPropTypes_proptype_T = {
  f: _propTypes2.default.func.isRequired,
  i: _propTypes2.default.number.isRequired,
  x: _propTypes2.default.oneOf(['foo', 'baz']).isRequired
};
if (typeof exports !== 'undefined') Object.defineProperty(exports, 'babelPluginFlowReactPropTypes_proptype_T', {
  value: babelPluginFlowReactPropTypes_proptype_T,
  configurable: true
});


var C = function C(_ref) {
  var f = _ref.f;

  _react2.default.createElement('div', null);
};

C.propTypes = babelPluginFlowReactPropTypes_proptype_T;
exports.default = C;"
`;
