// Jest Snapshot v1, https://goo.gl/fbAQLP

exports[`export-exact-object-type 1`] = `
"'use strict';

Object.defineProperty(exports, \\"__esModule\\", {
  value: true
});
exports.bpfrpt_proptype_VendorProps = undefined;

var _react = require('react');

var _react2 = _interopRequireDefault(_react);

var _propTypes = require('prop-types');

var _propTypes2 = _interopRequireDefault(_propTypes);

function _interopRequireDefault(obj) { return obj && obj.__esModule ? obj : { default: obj }; }

var bpfrpt_proptype_VendorProps = {
  test: _propTypes2.default.string.isRequired
};
exports.bpfrpt_proptype_VendorProps = bpfrpt_proptype_VendorProps;"
`;
