exports[`test function-with-type-annotation 1`] = `
"\"use strict\";

var C = function C(props) {};
C.propTypes = {
  name: require(\"react\").PropTypes.string.isRequired
};"
`;
