// Jest Snapshot v1, https://goo.gl/fbAQLP

exports[`import-and-loops 1`] = `
"'use strict';

Object.defineProperty(exports, \\"__esModule\\", {
    value: true
});

var _react = require('react');

var _react2 = _interopRequireDefault(_react);

var _types = require('../types');

var _propTypes = require('prop-types');

var _propTypes2 = _interopRequireDefault(_propTypes);

function _interopRequireDefault(obj) { return obj && obj.__esModule ? obj : { default: obj }; }

var babelPluginFlowReactPropTypes_proptype_T = {
    flag: _propTypes2.default.bool.isRequired,
    list: _propTypes2.default.arrayOf(function () {
        return (typeof _types.bpfrp_babelPluginFlowReactPropTypes_proptype_ExternalType === 'function' ? _types.bpfrp_babelPluginFlowReactPropTypes_proptype_ExternalType : _propTypes2.default.shape(_types.bpfrp_babelPluginFlowReactPropTypes_proptype_ExternalType)).apply(this, arguments);
    }).isRequired
};
if (typeof exports !== 'undefined') Object.defineProperty(exports, 'babelPluginFlowReactPropTypes_proptype_T', {
    value: babelPluginFlowReactPropTypes_proptype_T,
    configurable: true
});


var C = function C(_ref) {
    var flag = _ref.flag,
        list = _ref.list;

    return flag ? _react2.default.createElement(
        'div',
        null,
        'yes'
    ) : _react2.default.createElement(
        Select,
        null,
        list.map(function (e) {
            return _react2.default.createElement('option', { value: e.id, key: e.id });
        })
    );
};

C.propTypes = babelPluginFlowReactPropTypes_proptype_T;
exports.default = C;"
`;
