// Jest Snapshot v1, https://goo.gl/fbAQLP

exports[`intersection-exported-type-alias-unexported-object-literal 1`] = `
"\\"use strict\\";

Object.defineProperty(exports, \\"__esModule\\", {
  value: true
});

var _types = require(\\"./types\\");

var _propTypes = require(\\"prop-types\\");

var _propTypes2 = _interopRequireDefault(_propTypes);

function _interopRequireDefault(obj) { return obj && obj.__esModule ? obj : { default: obj }; }

function _classCallCheck(instance, Constructor) { if (!(instance instanceof Constructor)) { throw new TypeError(\\"Cannot call a class as a function\\"); } }

function _possibleConstructorReturn(self, call) { if (!self) { throw new ReferenceError(\\"this hasn't been initialised - super() hasn't been called\\"); } return call && (typeof call === \\"object\\" || typeof call === \\"function\\") ? call : self; }

function _inherits(subClass, superClass) { if (typeof superClass !== \\"function\\" && superClass !== null) { throw new TypeError(\\"Super expression must either be null or a function, not \\" + typeof superClass); } subClass.prototype = Object.create(superClass && superClass.prototype, { constructor: { value: subClass, enumerable: false, writable: true, configurable: true } }); if (superClass) Object.setPrototypeOf ? Object.setPrototypeOf(subClass, superClass) : subClass.__proto__ = superClass; }

var React = require('react');

var D = function (_React$Component) {
  _inherits(D, _React$Component);

  function D() {
    _classCallCheck(this, D);

    return _possibleConstructorReturn(this, (D.__proto__ || Object.getPrototypeOf(D)).apply(this, arguments));
  }

  return D;
}(React.Component);

D.propTypes = Object.assign({}, _types.bpfrp_babelPluginFlowReactPropTypes_proptype_NamedType === _propTypes2.default.any ? {} : _types.bpfrp_babelPluginFlowReactPropTypes_proptype_NamedType, {
  foo: _propTypes2.default.number.isRequired,
  bar: typeof _types.bpfrp_babelPluginFlowReactPropTypes_proptype_NamedType === \\"function\\" ? _types.bpfrp_babelPluginFlowReactPropTypes_proptype_NamedType.isRequired ? _types.bpfrp_babelPluginFlowReactPropTypes_proptype_NamedType.isRequired : _types.bpfrp_babelPluginFlowReactPropTypes_proptype_NamedType : _propTypes2.default.shape(_types.bpfrp_babelPluginFlowReactPropTypes_proptype_NamedType).isRequired,
  baz: _propTypes2.default.shape(Object.assign({}, _types.bpfrp_babelPluginFlowReactPropTypes_proptype_NamedType === _propTypes2.default.any ? {} : _types.bpfrp_babelPluginFlowReactPropTypes_proptype_NamedType, _types.bpfrp_babelPluginFlowReactPropTypes_proptype_NamedType === _propTypes2.default.any ? {} : _types.bpfrp_babelPluginFlowReactPropTypes_proptype_NamedType, {
    foo: _propTypes2.default.oneOf([\\"number\\"]).isRequired,
    bar: _propTypes2.default.shape(Object.assign({}, _types.bpfrp_babelPluginFlowReactPropTypes_proptype_NamedType === _propTypes2.default.any ? {} : _types.bpfrp_babelPluginFlowReactPropTypes_proptype_NamedType, _types.bpfrp_babelPluginFlowReactPropTypes_proptype_NamedType === _propTypes2.default.any ? {} : _types.bpfrp_babelPluginFlowReactPropTypes_proptype_NamedType)).isRequired
  }, _types.bpfrp_babelPluginFlowReactPropTypes_proptype_NamedType === _propTypes2.default.any ? {} : _types.bpfrp_babelPluginFlowReactPropTypes_proptype_NamedType)).isRequired
});
;

exports.default = D;"
`;
