// Jest Snapshot v1, https://goo.gl/fbAQLP

exports[`intersection-exported-type-alias-unexported-object-literal 1`] = `
"\\"use strict\\";

Object.defineProperty(exports, \\"__esModule\\", {
  value: true
});

var _propTypes = require(\\"prop-types\\");

var _propTypes2 = _interopRequireDefault(_propTypes);

var _types = require(\\"./types\\");

function _interopRequireDefault(obj) { return obj && obj.__esModule ? obj : { default: obj }; }

function _classCallCheck(instance, Constructor) { if (!(instance instanceof Constructor)) { throw new TypeError(\\"Cannot call a class as a function\\"); } }

function _possibleConstructorReturn(self, call) { if (!self) { throw new ReferenceError(\\"this hasn't been initialised - super() hasn't been called\\"); } return call && (typeof call === \\"object\\" || typeof call === \\"function\\") ? call : self; }

function _inherits(subClass, superClass) { if (typeof superClass !== \\"function\\" && superClass !== null) { throw new TypeError(\\"Super expression must either be null or a function, not \\" + typeof superClass); } subClass.prototype = Object.create(superClass && superClass.prototype, { constructor: { value: subClass, enumerable: false, writable: true, configurable: true } }); if (superClass) Object.setPrototypeOf ? Object.setPrototypeOf(subClass, superClass) : subClass.__proto__ = superClass; }

var babelPluginFlowReactPropTypes_proptype_T = {
  foo: _propTypes2.default.string.isRequired
};

var React = require('react');

if (typeof exports !== \\"undefined\\") Object.defineProperty(exports, \\"babelPluginFlowReactPropTypes_proptype_T\\", {
  value: babelPluginFlowReactPropTypes_proptype_T,
  configurable: true
});
var babelPluginFlowReactPropTypes_proptype_U = {
  bar: _propTypes2.default.number.isRequired
};
if (typeof exports !== \\"undefined\\") Object.defineProperty(exports, \\"babelPluginFlowReactPropTypes_proptype_U\\", {
  value: babelPluginFlowReactPropTypes_proptype_U,
  configurable: true
});
var babelPluginFlowReactPropTypes_proptype_X = Object.assign({}, _types.bpfrp_babelPluginFlowReactPropTypes_proptype_NamedType === _propTypes2.default.any ? {} : _types.bpfrp_babelPluginFlowReactPropTypes_proptype_NamedType, {
  a: typeof _types.bpfrp_babelPluginFlowReactPropTypes_proptype_NamedType === \\"function\\" ? _types.bpfrp_babelPluginFlowReactPropTypes_proptype_NamedType.isRequired ? _types.bpfrp_babelPluginFlowReactPropTypes_proptype_NamedType.isRequired : _types.bpfrp_babelPluginFlowReactPropTypes_proptype_NamedType : _propTypes2.default.shape(_types.bpfrp_babelPluginFlowReactPropTypes_proptype_NamedType).isRequired,
  b: _propTypes2.default.string.isRequired
}, _types.bpfrp_babelPluginFlowReactPropTypes_proptype_NamedType === _propTypes2.default.any ? {} : _types.bpfrp_babelPluginFlowReactPropTypes_proptype_NamedType, {
  bar: _propTypes2.default.number.isRequired
}, {
  foo: _propTypes2.default.string.isRequired
});
if (typeof exports !== \\"undefined\\") Object.defineProperty(exports, \\"babelPluginFlowReactPropTypes_proptype_X\\", {
  value: babelPluginFlowReactPropTypes_proptype_X,
  configurable: true
});

var C = function (_React$Component) {
  _inherits(C, _React$Component);

  function C() {
    _classCallCheck(this, C);

    return _possibleConstructorReturn(this, (C.__proto__ || Object.getPrototypeOf(C)).apply(this, arguments));
  }

  return C;
}(React.Component);

C.propTypes = {
  qux: _propTypes2.default.string.isRequired,
  quy: _propTypes2.default.shape(Object.assign({}, {
    foo: _propTypes2.default.string.isRequired
  }, _types.bpfrp_babelPluginFlowReactPropTypes_proptype_NamedType === _propTypes2.default.any ? {} : _types.bpfrp_babelPluginFlowReactPropTypes_proptype_NamedType, {
    XXX: _propTypes2.default.string.isRequired,
    YYY: _propTypes2.default.shape(Object.assign({}, _types.bpfrp_babelPluginFlowReactPropTypes_proptype_NamedType === _propTypes2.default.any ? {} : _types.bpfrp_babelPluginFlowReactPropTypes_proptype_NamedType, {
      ZZZ: _propTypes2.default.number.isRequired
    })).isRequired
  })).isRequired,
  quz: _propTypes2.default.shape(Object.assign({}, {
    bar: _propTypes2.default.number.isRequired
  }, _types.bpfrp_babelPluginFlowReactPropTypes_proptype_NamedType === _propTypes2.default.any ? {} : _types.bpfrp_babelPluginFlowReactPropTypes_proptype_NamedType)).isRequired,
  bar: _propTypes2.default.number.isRequired,
  foo: _propTypes2.default.string.isRequired
};

var D = function (_React$Component2) {
  _inherits(D, _React$Component2);

  function D() {
    _classCallCheck(this, D);

    return _possibleConstructorReturn(this, (D.__proto__ || Object.getPrototypeOf(D)).apply(this, arguments));
  }

  return D;
}(React.Component);

D.propTypes = Object.assign({}, {
  c: _propTypes2.default.string.isRequired,
  b: typeof _types.bpfrp_babelPluginFlowReactPropTypes_proptype_NamedType === \\"function\\" ? _types.bpfrp_babelPluginFlowReactPropTypes_proptype_NamedType.isRequired ? _types.bpfrp_babelPluginFlowReactPropTypes_proptype_NamedType.isRequired : _types.bpfrp_babelPluginFlowReactPropTypes_proptype_NamedType : _propTypes2.default.shape(_types.bpfrp_babelPluginFlowReactPropTypes_proptype_NamedType).isRequired
}, Object.assign({}, _types.bpfrp_babelPluginFlowReactPropTypes_proptype_NamedType === _propTypes2.default.any ? {} : _types.bpfrp_babelPluginFlowReactPropTypes_proptype_NamedType, {
  a: typeof _types.bpfrp_babelPluginFlowReactPropTypes_proptype_NamedType === \\"function\\" ? _types.bpfrp_babelPluginFlowReactPropTypes_proptype_NamedType.isRequired ? _types.bpfrp_babelPluginFlowReactPropTypes_proptype_NamedType.isRequired : _types.bpfrp_babelPluginFlowReactPropTypes_proptype_NamedType : _propTypes2.default.shape(_types.bpfrp_babelPluginFlowReactPropTypes_proptype_NamedType).isRequired,
  b: _propTypes2.default.string.isRequired
}, _types.bpfrp_babelPluginFlowReactPropTypes_proptype_NamedType === _propTypes2.default.any ? {} : _types.bpfrp_babelPluginFlowReactPropTypes_proptype_NamedType, {
  bar: _propTypes2.default.number.isRequired
}, {
  foo: _propTypes2.default.string.isRequired
}));
exports.default = C;"
`;
