// Jest Snapshot v1, https://goo.gl/fbAQLP

exports[`optional-any 1`] = `
"'use strict';

Object.defineProperty(exports, \\"__esModule\\", {
  value: true
});

var _react = require('react');

var _react2 = _interopRequireDefault(_react);

var _propTypes = require('prop-types');

var _propTypes2 = _interopRequireDefault(_propTypes);

function _interopRequireDefault(obj) { return obj && obj.__esModule ? obj : { default: obj }; }

var Foo = function Foo(props) {
  return _react2.default.createElement('div', null);
};
Foo.propTypes = {
  requiredAny: function requiredAny(props, propName, componentName) {
    if (!Object.prototype.hasOwnProperty.call(props, propName)) {
      throw new Error('Prop \`' + propName + '\` has type \\\\'any\\\\' or \\\\'mixed\\\\', but was not provided to \`' + componentName + '\`. Pass undefined or any other value.');
    }
  },
  optionalAny: _propTypes2.default.any
};
exports.default = Foo;"
`;
