// Jest Snapshot v1, https://goo.gl/fbAQLP

exports[`stateless-arrow 1`] = `
"'use strict';

Object.defineProperty(exports, \\"__esModule\\", {
  value: true
});

var _propTypes = require('prop-types');

var _propTypes2 = _interopRequireDefault(_propTypes);

function _interopRequireDefault(obj) { return obj && obj.__esModule ? obj : { default: obj }; }

var React = require('react');

var arrowFunctionWithNoBody = function arrowFunctionWithNoBody() {
  return window.console;
};

Foo.propTypes = {
  x: _propTypes2.default.oneOf(['option1', 'option2'])
};


var Foo = function Foo(props) {
  React.createElement(
    'div',
    null,
    props.x
  );
};

exports.default = Foo;"
`;
