// Jest Snapshot v1, https://goo.gl/fbAQLP

exports[`stateless-without-jsx 1`] = `
"'use strict';

Object.defineProperty(exports, \\"__esModule\\", {
  value: true
});

var _propTypes = require('prop-types');

var _propTypes2 = _interopRequireDefault(_propTypes);

function _interopRequireDefault(obj) { return obj && obj.__esModule ? obj : { default: obj }; }

var React = require('react');

var Foo = function Foo(props) {
  React.createElement('div', null, props.x);
};

Foo.propTypes = {
  x: _propTypes2.default.number
};
exports.default = Foo;"
`;
