// Jest Snapshot v1, https://goo.gl/fbAQLP

exports[`stateless-inline-defaults 1`] = `
"'use strict';

Object.defineProperty(exports, \\"__esModule\\", {
  value: true
});
exports.default = Foo;

var _propTypes = require('prop-types');

var _propTypes2 = _interopRequireDefault(_propTypes);

function _interopRequireDefault(obj) { return obj && obj.__esModule ? obj : { default: obj }; }

var React = require('react');

function Foo(_ref) {
  var _ref$x = _ref.x,
      x = _ref$x === undefined ? 1 : _ref$x,
      _ref$y = _ref.y,
      y = _ref$y === undefined ? 'foo' : _ref$y;

  React.createElement(
    'div',
    null,
    x,
    '/',
    y
  );
}
Foo.propTypes = {
  x: _propTypes2.default.number,
  y: _propTypes2.default.string
};"
`;
