// Jest Snapshot v1, https://goo.gl/fbAQLP

exports[`string-literal-property 1`] = `
"'use strict';

var _propTypes = require('prop-types');

var _propTypes2 = _interopRequireDefault(_propTypes);

function _interopRequireDefault(obj) { return obj && obj.__esModule ? obj : { default: obj }; }

var babelPluginFlowReactPropTypes_proptype_T = {
  \\"read-only\\": _propTypes2.default.oneOf([true]).isRequired,
  regular: _propTypes2.default.oneOf([true]).isRequired
};
if (typeof exports !== 'undefined') Object.defineProperty(exports, 'babelPluginFlowReactPropTypes_proptype_T', {
  value: babelPluginFlowReactPropTypes_proptype_T,
  configurable: true
});"
`;
