// Jest Snapshot v1, https://goo.gl/fbAQLP

exports[`typeof 1`] = `
"'use strict';

var _propTypes = require('prop-types');

var _propTypes2 = _interopRequireDefault(_propTypes);

function _interopRequireDefault(obj) { return obj && obj.__esModule ? obj : { default: obj }; }

var ActionTypes = {
  JUMP_TO: 'react-native/NavigationExperimental/tabs-jumpTo'
};

var babelPluginFlowReactPropTypes_proptype_JumpToAction = {
  type: function type(props, propName, componentName) {
    if (!Object.prototype.hasOwnProperty.call(props, propName)) {
      throw new Error('Prop \`' + propName + '\` has type \\\\'any\\\\' or \\\\'mixed\\\\', but was not provided to \`' + componentName + '\`. Pass undefined or any other value.');
    }
  },
  index: _propTypes2.default.number.isRequired
};
if (typeof exports !== 'undefined') Object.defineProperty(exports, 'babelPluginFlowReactPropTypes_proptype_JumpToAction', {
  value: babelPluginFlowReactPropTypes_proptype_JumpToAction,
  configurable: true
});"
`;
